<svg width="42.3" height="20" viewBox="0 0 423 200"
    xmlns="http://www.w3.org/2000/svg" role="img" aria-label="World">
    <title>World</title>
    <g>
        <rect fill="#16a34a" x="0" width="423" height="200" />
    </g>
    <g aria-hidden="true" fill="#fff" text-anchor="start" font-family="Verdana,Geneva,DejaVu Sans,sans-serif"
        font-size="110">
        <text x="65" y="148" textLength="323" fill="#000"
            opacity="0.1">World</text>
        <text x="55" y="138" textLength="323">World</text>
    </g>
</svg>
